00000: process 1 new
00000: process 1 ready
00000: process 2 new
00000: process 2 ready
00000: process 2 running
00002: process 2 blocked
00002: process 1 running
00004: process 1 blocked
00008: process 2 ready
00008: process 2 running
00009: process 1 ready
00010: process 2 blocked
00010: process 1 running
00011: process 1 blocked
00016: process 2 ready
00016: process 1 ready
00016: process 2 running
00018: process 2 blocked
00018: process 1 running
00019: process 1 blocked
00024: process 2 ready
00024: process 1 ready
00024: process 2 running
00026: process 2 blocked
00026: process 1 running
00027: process 1 blocked
00032: process 2 ready
00032: process 1 ready
00032: process 2 running
00034: process 2 finished
00034: process 1 running
00035: process 1 blocked
00040: process 1 ready
00040: process 1 running
00041: process 1 finished
Process 1: Run time 7, Block time 25, Wait time 9
Process 2: Run time 10, Block time 24, Wait time 0
