00000: process 1 new
00000: process 1 blocked
00000: process 2 new
00000: process 2 ready
00000: process 2 running
00001: process 1 ready
00001: process 2 ready
00001: process 1 running
00004: process 1 ready
00004: process 1 running
00005: process 1 finished
00005: process 2 running
00008: process 2 ready
00008: process 2 running
00009: process 2 finished
Process 1: Run time 4, Block time 1, Wait time 0
Process 2: Run time 5, Block time 0, Wait time 4
