00000: process 1 new
00000: process 1 ready
00000: process 2 new
00000: process 2 ready
00000: process 1 running
00003: process 1 ready
00003: process 2 running
00006: process 2 finished
00006: process 1 running
00008: process 1 finished
Process 1: Run time 5, Block time 0, Wait time 3
Process 2: Run time 3, Block time 0, Wait time 3
