00000: process 1 new
00000: process 1 ready
00000: process 2 new
00000: process 2 ready
00000: process 1 running
00002: process 1 blocked
00002: process 2 running
00004: process 2 blocked
00007: process 1 ready
00007: process 1 running
00008: process 1 blocked
00010: process 2 ready
00010: process 2 running
00012: process 2 blocked
00013: process 1 ready
00013: process 1 running
00014: process 1 blocked
00018: process 2 ready
00018: process 2 running
00019: process 1 ready
00019: process 2 ready
00019: process 1 running
00020: process 1 blocked
00020: process 2 running
00021: process 2 blocked
00025: process 1 ready
00025: process 1 running
00026: process 1 blocked
00027: process 2 ready
00027: process 2 running
00029: process 2 blocked
00031: process 1 ready
00031: process 1 running
00032: process 1 finished
00035: process 2 ready
00035: process 2 running
00037: process 2 finished
Process 1: Run time 7, Block time 25, Wait time 0
Process 2: Run time 10, Block time 24, Wait time 3
