00000: process 1 new
00000: process 1 ready
00000: process 1 running
00004: process 1 blocked
00007: process 1 ready
00007: process 1 running
00011: process 1 blocked
00014: process 1 ready
00014: process 1 running
00018: process 1 blocked
00021: process 1 ready
00021: process 1 running
00025: process 1 blocked
00028: process 1 ready
00028: process 1 running
00032: process 1 blocked
00035: process 1 ready
00035: process 1 running
00039: process 1 blocked
00041: process 1 ready
00041: process 1 running
00044: process 1 finished
Process 1: Run time 27, Block time 17, Wait time 0
